// Vitest Snapshot v1, https://vitest.dev/guide/snapshot.html

exports[`renders correctly 1`] = `
<div>
  <div
    class="animate-pulse rounded-md bg-primary/10"
    data-testid="skeleton"
  />
</div>
`;
